MySQL Shell 8.0.32

Copyright (c) 2016, 2023, Oracle and/or its affiliates.
Oracle is a registered trademark of Oracle Corporation and/or its affiliates.
Other names may be trademarks of their respective owners.

Type '\help' or '\?' for help; '\quit' to exit.
 MySQL  JS > \sql
Switching to SQL mode... Commands end with ;
 MySQL  SQL > connect --mc root@localhost;
ERROR: Not connected.
 MySQL  SQL > \connect --mc root@localhost
Creating a Classic session to 'root@localhost'
Please provide the password for 'root@localhost': **********
Save password for 'root@localhost'? [Y]es/[N]o/Ne[v]er (default No): n
Fetching global names for auto-completion... Press ^C to stop.
Your MySQL connection id is 8
Server version: 8.0.32 MySQL Community Server - GPL
No default schema selected; type \use <schema> to set one.
 MySQL  localhost:3306 ssl  SQL > show databases;
+--------------------+
| Database           |
+--------------------+
| empresa            |
| evaluacion_1       |
| information_schema |
| mysql              |
| performance_schema |
| sakila             |
| sys                |
| world              |
+--------------------+
8 rows in set (0.0381 sec)
 MySQL  localhost:3306 ssl  SQL > create database Automovil;
Query OK, 1 row affected (0.0416 sec)
 MySQL  localhost:3306 ssl  SQL > show databases;
+--------------------+
| Database           |
+--------------------+
| automovil          |
| empresa            |
| evaluacion_1       |
| information_schema |
| mysql              |
| performance_schema |
| sakila             |
| sys                |
| world              |
+--------------------+
9 rows in set (0.0016 sec)
 MySQL  localhost:3306 ssl  SQL > desc automovil;
ERROR: 1046 (3D000): No database selected
 MySQL  localhost:3306 ssl  SQL > use automovil;
Default schema set to `automovil`.
Fetching global names, object names from `automovil` for auto-completion... Press ^C to stop.
 MySQL  localhost:3306 ssl  automovil  SQL > desc automovil;
ERROR: 1146 (42S02): Table 'automovil.automovil' doesn't exist
 MySQL  localhost:3306 ssl  automovil  SQL > create table automovil(numero_serie varchar(20) primary key, marca varchar(50) not null, modelo varchar(20) not null, año int check(2025>año>1900) not null, precio int check(precio>0) );
Query OK, 0 rows affected (0.0643 sec)
 MySQL  localhost:3306 ssl  automovil  SQL > desc utomovil;
ERROR: 1146 (42S02): Table 'automovil.utomovil' doesn't exist
 MySQL  localhost:3306 ssl  automovil  SQL > select * from aoutomovil;
ERROR: 1146 (42S02): Table 'automovil.aoutomovil' doesn't exist
 MySQL  localhost:3306 ssl  automovil  SQL > show tables;
+---------------------+
| Tables_in_automovil |
+---------------------+
| automovil           |
+---------------------+
1 row in set (0.0060 sec)
 MySQL  localhost:3306 ssl  automovil  SQL > ^C
 MySQL  localhost:3306 ssl  automovil  SQL > drop database automovil;
Query OK, 1 row affected (0.0254 sec)
 MySQL  localhost:3306 ssl  automovil  SQL > delete database automovil;
ERROR: 1064 (42000): You have an error in your SQL syntax; check the manual that corresponds to your MySQL server version for the right syntax to use near 'database automovil' at line 1
 MySQL  localhost:3306 ssl  automovil  SQL > delete table automovil;
ERROR: 1064 (42000): You have an error in your SQL syntax; check the manual that corresponds to your MySQL server version for the right syntax to use near 'table automovil' at line 1
 MySQL  localhost:3306 ssl  automovil  SQL > show databases;
+--------------------+
| Database           |
+--------------------+
| empresa            |
| evaluacion_1       |
| information_schema |
| mysql              |
| performance_schema |
| sakila             |
| sys                |
| world              |
+--------------------+
8 rows in set (0.0018 sec)
 MySQL  localhost:3306 ssl  automovil  SQL > use empresa;
Default schema set to `empresa`.
Fetching global names, object names from `empresa` for auto-completion... Press ^C to stop.
 MySQL  localhost:3306 ssl  empresa  SQL > show databases;
+--------------------+
| Database           |
+--------------------+
| empresa            |
| evaluacion_1       |
| information_schema |
| mysql              |
| performance_schema |
| sakila             |
| sys                |
| world              |
+--------------------+
8 rows in set (0.0013 sec)
 MySQL  localhost:3306 ssl  empresa  SQL > create database agencia;
Query OK, 1 row affected (0.0044 sec)
 MySQL  localhost:3306 ssl  empresa  SQL > use agencia;
Default schema set to `agencia`.
Fetching global names, object names from `agencia` for auto-completion... Press ^C to stop.
 MySQL  localhost:3306 ssl  agencia  SQL > create table automovil(numero_serie varchar(20) primary key, marca varchar(50) not null, modelo varchar(20) not null, año int check(2025>año>1900) not null, precio int check(precio>0) );
Query OK, 0 rows affected (0.0611 sec)
 MySQL  localhost:3306 ssl  agencia  SQL > slect * from agencia;
ERROR: 1064 (42000): You have an error in your SQL syntax; check the manual that corresponds to your MySQL server version for the right syntax to use near 'slect * from agencia' at line 1
 MySQL  localhost:3306 ssl  agencia  SQL > slect * from automovil;
ERROR: 1064 (42000): You have an error in your SQL syntax; check the manual that corresponds to your MySQL server version for the right syntax to use near 'slect * from automovil' at line 1
 MySQL  localhost:3306 ssl  agencia  SQL > select * from automovil;
Empty set (0.0055 sec)
 MySQL  localhost:3306 ssl  agencia  SQL > select * from agencia;
ERROR: 1146 (42S02): Table 'agencia.agencia' doesn't exist
 MySQL  localhost:3306 ssl  agencia  SQL > show databases;
+--------------------+
| Database           |
+--------------------+
| agencia            |
| empresa            |
| evaluacion_1       |
| information_schema |
| mysql              |
| performance_schema |
| sakila             |
| sys                |
| world              |
+--------------------+
9 rows in set (0.0023 sec)
 MySQL  localhost:3306 ssl  agencia  SQL > show tables;
+-------------------+
| Tables_in_agencia |
+-------------------+
| automovil         |
+-------------------+
1 row in set (0.0020 sec)
 MySQL  localhost:3306 ssl  agencia  SQL > desc automovil;
+--------------+-------------+------+-----+---------+-------+
| Field        | Type        | Null | Key | Default | Extra |
+--------------+-------------+------+-----+---------+-------+
| numero_serie | varchar(20) | NO   | PRI | NULL    |       |
| marca        | varchar(50) | NO   |     | NULL    |       |
| modelo       | varchar(20) | NO   |     | NULL    |       |
| año          | int         | NO   |     | NULL    |       |
| precio       | int         | YES  |     | NULL    |       |
+--------------+-------------+------+-----+---------+-------+
5 rows in set (0.0028 sec)
 MySQL  localhost:3306 ssl  agencia  SQL > create table vendedor (id int auto_increment primary key, apellidos varchar(50) not null, nombre varchar (50) not null, rfc varchar(20) not null, comision enum ('3','5','10'));
Query OK, 0 rows affected (0.0311 sec)
 MySQL  localhost:3306 ssl  agencia  SQL > show tables;
+-------------------+
| Tables_in_agencia |
+-------------------+
| automovil         |
| vendedor          |
+-------------------+
2 rows in set (0.0423 sec)
 MySQL  localhost:3306 ssl  agencia  SQL > desc vendedor;
+-----------+--------------------+------+-----+---------+----------------+
| Field     | Type               | Null | Key | Default | Extra          |
+-----------+--------------------+------+-----+---------+----------------+
| id        | int                | NO   | PRI | NULL    | auto_increment |
| apellidos | varchar(50)        | NO   |     | NULL    |                |
| nombre    | varchar(50)        | NO   |     | NULL    |                |
| rfc       | varchar(20)        | NO   |     | NULL    |                |
| comision  | enum('3','5','10') | YES  |     | NULL    |                |
+-----------+--------------------+------+-----+---------+----------------+
5 rows in set (0.0338 sec)
 MySQL  localhost:3306 ssl  agencia  SQL > create table cliente(id int auto_increment primary key, apellidos varchar(50) not null, nombre varchar(50) not null, tipo_cliente enum ('FISICA','MORAL'), razon_social varchar (50) not null, rfc varchar (20) not null);
Query OK, 0 rows affected (0.0636 sec)
 MySQL  localhost:3306 ssl  agencia  SQL > show tables;
+-------------------+
| Tables_in_agencia |
+-------------------+
| automovil         |
| cliente           |
| vendedor          |
+-------------------+
3 rows in set (0.0024 sec)
 MySQL  localhost:3306 ssl  agencia  SQL > insert into automovil values('03847264','FORD','FIESTA',2005,1000);
ERROR: 3819 (HY000): Check constraint 'automovil_chk_1' is violated.
 MySQL  localhost:3306 ssl  agencia  SQL >
 MySQL  localhost:3306 ssl  agencia  SQL > drop table automovil;
Query OK, 0 rows affected (0.0556 sec)
 MySQL  localhost:3306 ssl  agencia  SQL > create table automovil(numero_serie varchar(20) primary key, marca varchar(50) not null, modelo varchar(20) not null, año int check(año<2025 and año>1900) not null, precio int check(precio>0) );
Query OK, 0 rows affected (0.0608 sec)
 MySQL  localhost:3306 ssl  agencia  SQL >

 MySQL  localhost:3306 ssl  agencia  SQL > insert into automovil values('03847264','FORD','FIESTA',2005,1000);
Query OK, 1 row affected (0.0459 sec)
 MySQL  localhost:3306 ssl  agencia  SQL > insert into automovil values('03847265','TESLA','DUO',1910,5000);
Query OK, 1 row affected (0.0393 sec)
 MySQL  localhost:3306 ssl  agencia  SQL > insert into automovil values('03847266','FERRARI','RAPIDIN',2000,13000);
Query OK, 1 row affected (0.0393 sec)
 MySQL  localhost:3306 ssl  agencia  SQL > desc vendedor;
+-----------+--------------------+------+-----+---------+----------------+
| Field     | Type               | Null | Key | Default | Extra          |
+-----------+--------------------+------+-----+---------+----------------+
| id        | int                | NO   | PRI | NULL    | auto_increment |
| apellidos | varchar(50)        | NO   |     | NULL    |                |
| nombre    | varchar(50)        | NO   |     | NULL    |                |
| rfc       | varchar(20)        | NO   |     | NULL    |                |
| comision  | enum('3','5','10') | YES  |     | NULL    |                |
+-----------+--------------------+------+-----+---------+----------------+
5 rows in set (0.0018 sec)
 MySQL  localhost:3306 ssl  agencia  SQL > insert into vendedor (apellidos, nombre, rfc, comision) values('SABRITAS','PEPE','SAPP992319','3');
Query OK, 1 row affected (0.0029 sec)
 MySQL  localhost:3306 ssl  agencia  SQL > insert into vendedor (apellidos, nombre, rfc, comision) values('PEPERMINT','LINUX','PEPLIN862301','5');
Query OK, 1 row affected (0.0123 sec)
 MySQL  localhost:3306 ssl  agencia  SQL > insert into vendedor (apellidos, nombre, rfc, comision) values('CRUZ','SERGIO','CRSR980202','10');
Query OK, 1 row affected (0.0126 sec)
 MySQL  localhost:3306 ssl  agencia  SQL > select * from vendedor;
+----+-----------+--------+--------------+----------+
| id | apellidos | nombre | rfc          | comision |
+----+-----------+--------+--------------+----------+
|  1 | SABRITAS  | PEPE   | SAPP992319   | 3        |
|  2 | PEPERMINT | LINUX  | PEPLIN862301 | 5        |
|  3 | CRUZ      | SERGIO | CRSR980202   | 10       |
+----+-----------+--------+--------------+----------+
3 rows in set (0.0007 sec)
 MySQL  localhost:3306 ssl  agencia  SQL > desc cliente;
+--------------+------------------------+------+-----+---------+----------------+
| Field        | Type                   | Null | Key | Default | Extra          |
+--------------+------------------------+------+-----+---------+----------------+
| id           | int                    | NO   | PRI | NULL    | auto_increment |
| apellidos    | varchar(50)            | NO   |     | NULL    |                |
| nombre       | varchar(50)            | NO   |     | NULL    |                |
| tipo_cliente | enum('FISICA','MORAL') | YES  |     | NULL    |                |
| razon_social | varchar(50)            | NO   |     | NULL    |                |
| rfc          | varchar(20)            | NO   |     | NULL    |                |
+--------------+------------------------+------+-----+---------+----------------+
6 rows in set (0.0032 sec)
 MySQL  localhost:3306 ssl  agencia  SQL > insert into cliente (apellidos, nombre, tipo_cliente, razon_social, rfc) values ('ESTRADA','OBED','MORAL','FOG TECHNOLOGIES','OBED4F626564');
Query OK, 1 row affected (0.0147 sec)
 MySQL  localhost:3306 ssl  agencia  SQL > insert into cliente (apellidos, nombre, tipo_cliente, razon_social, rfc) values ('MUSK','ELON','FISICA','PALETAS MUSK','MUSCK0220998');
Query OK, 1 row affected (0.0126 sec)
 MySQL  localhost:3306 ssl  agencia  SQL > insert into cliente (apellidos, nombre, tipo_cliente, razon_social, rfc) values ('KOJIMA','HIDEO','MORAL','KOJIMA STUDIOS','KOJIMA928764');
Query OK, 1 row affected (0.0124 sec)
 MySQL  localhost:3306 ssl  agencia  SQL > select * from vendedor;
+----+-----------+--------+--------------+----------+
| id | apellidos | nombre | rfc          | comision |
+----+-----------+--------+--------------+----------+
|  1 | SABRITAS  | PEPE   | SAPP992319   | 3        |
|  2 | PEPERMINT | LINUX  | PEPLIN862301 | 5        |
|  3 | CRUZ      | SERGIO | CRSR980202   | 10       |
+----+-----------+--------+--------------+----------+
3 rows in set (0.0005 sec)
 MySQL  localhost:3306 ssl  agencia  SQL > select * from cliente;
+----+-----------+--------+--------------+------------------+--------------+
| id | apellidos | nombre | tipo_cliente | razon_social     | rfc          |
+----+-----------+--------+--------------+------------------+--------------+
|  1 | ESTRADA   | OBED   | MORAL        | FOG TECHNOLOGIES | OBED4F626564 |
|  2 | MUSK      | ELON   | FISICA       | PALETAS MUSK     | MUSCK0220998 |
|  3 | KOJIMA    | HIDEO  | MORAL        | KOJIMA STUDIOS   | KOJIMA928764 |
+----+-----------+--------+--------------+------------------+--------------+
3 rows in set (0.0004 sec)
 MySQL  localhost:3306 ssl  agencia  SQL > select * from automovil;
+--------------+---------+---------+------+--------+
| numero_serie | marca   | modelo  | año | precio |
+--------------+---------+---------+------+--------+
| 03847264     | FORD    | FIESTA  | 2005 |   1000 |
| 03847265     | TESLA   | DUO     | 1910 |   5000 |
| 03847266     | FERRARI | RAPIDIN | 2000 |  13000 |
+--------------+---------+---------+------+--------+
3 rows in set (0.0006 sec)